// Vitest Snapshot v1, https://vitest.dev/guide/snapshot.html

exports[`Layout > renders as expected 1`] = `
<div
  className="layout select-none"
>
  <main
    className="main relative"
  >
    <p>
      content
    </p>
  </main>
</div>
`;
