// Vitest Snapshot v1, https://vitest.dev/guide/snapshot.html

exports[`ChatInput > renders as expected 1`] = `
<DocumentFragment>
  <div
    class="flex w-full items-end space-x-2"
  >
    <div
      class="flex-1"
      id="dropzone"
    >
      <div
        class="relative flex items-end justify-end"
      >
        <div
          class="relative flex flex-none items-center justify-center rounded bg-black w-6 h-6 rounded p-1.5 mr-2 mb-1"
          style="background-color: rgb(0, 0, 0);"
        >
          <urbit-sigil
            background="#000000"
            detail="none"
            foreground="white"
            point="~finned-palmer"
            size="12"
            space="none"
          />
        </div>
        <div
          class="input block p-0 w-full break-words"
        >
          <div
            class="w-full"
          >
            <div
              aria-label="Message editor with formatting menu"
              class="ProseMirror input-inner"
              contenteditable="true"
              spellcheck="false"
              tabindex="0"
              translate="no"
            >
              <p
                class="is-empty is-editor-empty"
                data-placeholder="Message"
              >
                <br
                  class="ProseMirror-trailingBreak"
                />
              </p>
            </div>
          </div>
          <div
            class="pointer-events-none fixed"
          />
        </div>
      </div>
    </div>
    <button
      aria-label="Send message"
      class="button px-2"
      disabled=""
    >
      <svg
        class="h-4 w-4"
        fill="none"
        viewBox="0 0 16 16"
        xmlns="http://www.w3.org/2000/svg"
      >
        <path
          class="stroke-current"
          d="M8 3L4 7M8 3L12 7M8 3V13"
          stroke-linecap="round"
          stroke-linejoin="round"
          stroke-width="2"
        />
      </svg>
    </button>
  </div>
</DocumentFragment>
`;
